1110000000000000
1110000000001000
1110000000010000
1110000000011000
1110000000100000
1110000000101000
1110000000110000
1110000000111000
