1110101010000000
1110101010000001
1110101010000010
1110101010000011
1110101010000100
1110101010000101
1110101010000110
1110101010000111
